[0m12:51:14.905677 [debug] [MainThread]: Sending event: {'category': 'dbt', 'action': 'invocation', 'label': 'start', 'context': [<snowplow_tracker.self_describing_json.SelfDescribingJson object at 0x104d34510>, <snowplow_tracker.self_describing_json.SelfDescribingJson object at 0x104cdcd50>, <snowplow_tracker.self_describing_json.SelfDescribingJson object at 0x104d5b2d0>]}


============================== 12:51:14.910161 | 7267c067-9867-4250-b15a-74ce5d3784b7 ==============================
[0m12:51:14.910161 [info ] [MainThread]: Running with dbt=1.10.3
[0m12:51:14.910620 [debug] [MainThread]: running dbt with arguments {'printer_width': '80', 'indirect_selection': 'eager', 'write_json': 'True', 'log_cache_events': 'False', 'partial_parse': 'True', 'cache_selected_only': 'False', 'profiles_dir': '/Users/aidanmalixi/.dbt', 'fail_fast': 'False', 'debug': 'False', 'log_path': 'logs', 'warn_error': 'None', 'version_check': 'True', 'use_colors': 'True', 'use_experimental_parser': 'False', 'empty': 'None', 'quiet': 'False', 'no_print': 'None', 'log_format': 'default', 'static_parser': 'True', 'invocation_command': 'dbt init transform', 'introspect': 'True', 'target_path': 'None', 'warn_error_options': 'WarnErrorOptionsV2(error=[], warn=[], silence=[])', 'send_anonymous_usage_stats': 'True'}
[0m12:51:14.918312 [info ] [MainThread]: Creating dbt configuration folder at /Users/aidanmalixi/.dbt
[0m12:51:14.919559 [debug] [MainThread]: Starter project path: /opt/homebrew/lib/python3.11/site-packages/dbt/include/starter_project
[0m12:51:14.923799 [info ] [MainThread]: 
Your new dbt project "transform" was created!

For more information on how to configure the profiles.yml file,
please consult the dbt documentation here:

  https://docs.getdbt.com/docs/configure-your-profile

One more thing:

Need help? Don't hesitate to reach out to us via GitHub issues or on Slack:

  https://community.getdbt.com/

Happy modeling!

[0m12:51:14.924065 [info ] [MainThread]: Setting up your profile.
[0m12:51:18.943059 [debug] [MainThread]: Redshift adapter: Setting redshift_connector to ERROR
[0m12:51:18.943521 [debug] [MainThread]: Redshift adapter: Setting redshift_connector.core to ERROR
[0m13:04:35.543622 [info ] [MainThread]: Profile transform written to /Users/aidanmalixi/.dbt/profiles.yml using target's profile_template.yml and your supplied values. Run 'dbt debug' to validate the connection.
[0m13:04:35.738342 [debug] [MainThread]: Resource report: {"command_name": "init", "command_success": true, "command_wall_clock_time": 800.8814, "process_in_blocks": "0", "process_kernel_time": 0.186444, "process_mem_max_rss": "117506048", "process_out_blocks": "0", "process_user_time": 1.002211}
[0m13:04:35.740122 [debug] [MainThread]: Command `dbt init` succeeded at 13:04:35.739763 after 800.88 seconds
[0m13:04:35.741652 [debug] [MainThread]: Sending event: {'category': 'dbt', 'action': 'invocation', 'label': 'end', 'context': [<snowplow_tracker.self_describing_json.SelfDescribingJson object at 0x104cdc150>, <snowplow_tracker.self_describing_json.SelfDescribingJson object at 0x104d34110>, <snowplow_tracker.self_describing_json.SelfDescribingJson object at 0x100987150>]}
[0m13:04:35.742677 [debug] [MainThread]: Flushing usage events
[0m13:04:35.943882 [debug] [MainThread]: An error was encountered while trying to flush usage events
[0m13:04:42.401814 [debug] [MainThread]: Sending event: {'category': 'dbt', 'action': 'invocation', 'label': 'start', 'context': [<snowplow_tracker.self_describing_json.SelfDescribingJson object at 0x104f5a250>, <snowplow_tracker.self_describing_json.SelfDescribingJson object at 0x105222a90>, <snowplow_tracker.self_describing_json.SelfDescribingJson object at 0x105223010>]}


============================== 13:04:42.405671 | 14876bba-ea4a-498b-9dac-0115fe682350 ==============================
[0m13:04:42.405671 [info ] [MainThread]: Running with dbt=1.10.3
[0m13:04:42.406100 [debug] [MainThread]: running dbt with arguments {'printer_width': '80', 'indirect_selection': 'eager', 'log_cache_events': 'False', 'write_json': 'True', 'partial_parse': 'True', 'cache_selected_only': 'False', 'profiles_dir': '/Users/aidanmalixi/.dbt', 'version_check': 'True', 'fail_fast': 'False', 'log_path': 'logs', 'warn_error': 'None', 'debug': 'False', 'use_colors': 'True', 'use_experimental_parser': 'False', 'empty': 'None', 'quiet': 'False', 'no_print': 'None', 'log_format': 'default', 'invocation_command': 'dbt debug', 'introspect': 'True', 'static_parser': 'True', 'target_path': 'None', 'warn_error_options': 'WarnErrorOptionsV2(error=[], warn=[], silence=[])', 'send_anonymous_usage_stats': 'True'}
[0m13:04:42.420063 [info ] [MainThread]: dbt version: 1.10.3
[0m13:04:42.420439 [info ] [MainThread]: python version: 3.11.11
[0m13:04:42.420666 [info ] [MainThread]: python path: /opt/homebrew/opt/python@3.11/bin/python3.11
[0m13:04:42.420860 [info ] [MainThread]: os info: macOS-15.5-arm64-arm-64bit
[0m13:04:42.520012 [debug] [MainThread]: Redshift adapter: Setting redshift_connector to ERROR
[0m13:04:42.520411 [debug] [MainThread]: Redshift adapter: Setting redshift_connector.core to ERROR
[0m13:04:42.569834 [info ] [MainThread]: Using profiles dir at /Users/aidanmalixi/.dbt
[0m13:04:42.570211 [info ] [MainThread]: Using profiles.yml file at /Users/aidanmalixi/.dbt/profiles.yml
[0m13:04:42.570407 [info ] [MainThread]: Using dbt_project.yml file at /Users/aidanmalixi/NBA-database/extract/dbt_project.yml
[0m13:04:42.570929 [info ] [MainThread]: adapter type: redshift
[0m13:04:42.571176 [info ] [MainThread]: adapter version: 1.9.5
[0m13:04:42.571366 [info ] [MainThread]: Configuration:
[0m13:04:42.571577 [info ] [MainThread]:   profiles.yml file [[32mOK found and valid[0m]
[0m13:04:42.571740 [info ] [MainThread]:   dbt_project.yml file [[31mERROR not found[0m]
[0m13:04:42.571895 [info ] [MainThread]: Required dependencies:
[0m13:04:42.572100 [debug] [MainThread]: Executing "git --help"
[0m13:04:42.591944 [debug] [MainThread]: STDOUT: "b"usage: git [-v | --version] [-h | --help] [-C <path>] [-c <name>=<value>]\n           [--exec-path[=<path>]] [--html-path] [--man-path] [--info-path]\n           [-p | --paginate | -P | --no-pager] [--no-replace-objects] [--bare]\n           [--git-dir=<path>] [--work-tree=<path>] [--namespace=<name>]\n           [--super-prefix=<path>] [--config-env=<name>=<envvar>]\n           <command> [<args>]\n\nThese are common Git commands used in various situations:\n\nstart a working area (see also: git help tutorial)\n   clone     Clone a repository into a new directory\n   init      Create an empty Git repository or reinitialize an existing one\n\nwork on the current change (see also: git help everyday)\n   add       Add file contents to the index\n   mv        Move or rename a file, a directory, or a symlink\n   restore   Restore working tree files\n   rm        Remove files from the working tree and from the index\n\nexamine the history and state (see also: git help revisions)\n   bisect    Use binary search to find the commit that introduced a bug\n   diff      Show changes between commits, commit and working tree, etc\n   grep      Print lines matching a pattern\n   log       Show commit logs\n   show      Show various types of objects\n   status    Show the working tree status\n\ngrow, mark and tweak your common history\n   branch    List, create, or delete branches\n   commit    Record changes to the repository\n   merge     Join two or more development histories together\n   rebase    Reapply commits on top of another base tip\n   reset     Reset current HEAD to the specified state\n   switch    Switch branches\n   tag       Create, list, delete or verify a tag object signed with GPG\n\ncollaborate (see also: git help workflows)\n   fetch     Download objects and refs from another repository\n   pull      Fetch from and integrate with another repository or a local branch\n   push      Update remote refs along with associated objects\n\n'git help -a' and 'git help -g' list available subcommands and some\nconcept guides. See 'git help <command>' or 'git help <concept>'\nto read about a specific subcommand or concept.\nSee 'git help git' for an overview of the system.\n""
[0m13:04:42.592748 [debug] [MainThread]: STDERR: "b''"
[0m13:04:42.593026 [info ] [MainThread]:  - git [[32mOK found[0m]

[0m13:04:42.593255 [info ] [MainThread]: Connection:
[0m13:04:42.593501 [info ] [MainThread]:   host: nba-workgroup.565689723912.us-east-1.redshift-serverless.amazonaws.com:5439/dev
[0m13:04:42.593676 [info ] [MainThread]:   user: aidanmalixi
[0m13:04:42.593839 [info ] [MainThread]:   port: 5439
[0m13:04:42.593998 [info ] [MainThread]:   database: dev
[0m13:04:42.594163 [info ] [MainThread]:   method: database
[0m13:04:42.594323 [info ] [MainThread]:   cluster_id: None
[0m13:04:42.594479 [info ] [MainThread]:   iam_profile: None
[0m13:04:42.594639 [info ] [MainThread]:   schema: nba-data
[0m13:04:42.594793 [info ] [MainThread]:   sslmode: prefer
[0m13:04:42.594943 [info ] [MainThread]:   region: None
[0m13:04:42.595097 [info ] [MainThread]:   sslmode: prefer
[0m13:04:42.595249 [info ] [MainThread]:   region: None
[0m13:04:42.595404 [info ] [MainThread]:   autocreate: False
[0m13:04:42.595563 [info ] [MainThread]:   db_groups: []
[0m13:04:42.595713 [info ] [MainThread]:   ra3_node: False
[0m13:04:42.595865 [info ] [MainThread]:   connect_timeout: None
[0m13:04:42.596013 [info ] [MainThread]:   role: None
[0m13:04:42.596162 [info ] [MainThread]:   retries: 1
[0m13:04:42.596312 [info ] [MainThread]:   retry_all: False
[0m13:04:42.596632 [info ] [MainThread]:   autocommit: True
[0m13:04:42.596964 [info ] [MainThread]:   access_key_id: None
[0m13:04:42.597195 [info ] [MainThread]:   is_serverless: None
[0m13:04:42.597451 [info ] [MainThread]:   serverless_work_group: None
[0m13:04:42.597711 [info ] [MainThread]:   serverless_acct_id: None
[0m13:04:42.598298 [info ] [MainThread]: Registered adapter: redshift=1.9.5
[0m13:04:42.844297 [debug] [MainThread]: Acquiring new redshift connection 'debug'
[0m13:04:42.848290 [debug] [MainThread]: Using redshift connection "debug"
[0m13:04:42.848532 [debug] [MainThread]: On debug: select 1 as id
[0m13:04:42.848720 [debug] [MainThread]: Opening a new connection, currently in state init
[0m13:04:42.848942 [debug] [MainThread]: Redshift adapter: Connecting to Redshift with 'database' credentials method
[0m13:04:42.851975 [debug] [MainThread]: Redshift adapter: Establishing connection using ssl with `sslmode` set to 'prefer'.To connect without ssl, set `sslmode` to 'disable'.
[0m13:04:42.875608 [debug] [MainThread]: Redshift adapter: Got a retryable error when attempting to open a redshift connection.
1 attempts remaining. Retrying in 1 seconds.
Error:
('communication error', gaierror(8, 'nodename nor servname provided, or not known'))
[0m13:04:43.887689 [debug] [MainThread]: Redshift adapter: Error running SQL: select 1 as id
[0m13:04:43.888912 [debug] [MainThread]: Redshift adapter: Rolling back transaction.
[0m13:04:43.889601 [debug] [MainThread]: Redshift adapter: Not retrying error: Database Error
  ('communication error', gaierror(8, 'nodename nor servname provided, or not known'))
[0m13:04:43.890167 [debug] [MainThread]: On debug: No close available on handle
[0m13:04:43.890951 [info ] [MainThread]:   Connection test: [[31mERROR[0m]

[0m13:04:43.891685 [info ] [MainThread]: [31m2 checks failed:[0m
[0m13:04:43.892197 [info ] [MainThread]: Project loading failed for the following reason:
 project path </Users/aidanmalixi/NBA-database/extract/dbt_project.yml> not found

[0m13:04:43.892775 [info ] [MainThread]: dbt was unable to connect to the specified database.
The database returned the following error:

  >Database Error
  ('communication error', gaierror(8, 'nodename nor servname provided, or not known'))

Check your database credentials and try again. For more information, visit:
https://docs.getdbt.com/docs/configure-your-profile


[0m13:04:43.896921 [debug] [MainThread]: Resource report: {"command_name": "debug", "command_success": false, "command_wall_clock_time": 1.5439665, "process_in_blocks": "0", "process_kernel_time": 0.211394, "process_mem_max_rss": "120897536", "process_out_blocks": "0", "process_user_time": 1.087853}
[0m13:04:43.898640 [debug] [MainThread]: Command `dbt debug` failed at 13:04:43.898490 after 1.55 seconds
[0m13:04:43.899362 [debug] [MainThread]: Connection 'debug' was properly closed.
[0m13:04:43.899791 [debug] [MainThread]: Sending event: {'category': 'dbt', 'action': 'invocation', 'label': 'end', 'context': [<snowplow_tracker.self_describing_json.SelfDescribingJson object at 0x1051fdb10>, <snowplow_tracker.self_describing_json.SelfDescribingJson object at 0x1051fc950>, <snowplow_tracker.self_describing_json.SelfDescribingJson object at 0x100ddb150>]}
[0m13:04:43.900184 [debug] [MainThread]: Flushing usage events
[0m13:04:43.970382 [debug] [MainThread]: An error was encountered while trying to flush usage events
